=== shutdown diagnostic @ SIGTERM ===
--- date ---
2026-10-02T16:24:25Z
--- ps (top 60 by cpu, comm only) ---
    PID    PPID USER     %CPU %MEM STAT COMMAND
   6495    6494 runner    1.4  3.0 Sl   hermes
   2086    2084 root      0.4  0.8 Sl   provjobd9870837
   2144    2124 runner    0.3  0.9 Sl   Runner.Worker
   2935       1 root      0.1  0.3 Ssl  snapd
  27039   27034 runner    0.0  0.0 S    head
  27038   27034 runner    0.0  0.0 S    bash
  27037   27034 runner    0.0  0.0 R    ps
  27034   27032 runner    0.0  0.0 S    bash
  27032    6495 runner    0.0  0.0 Ss   timeout
  26975       2 root      0.0  0.0 I    kworker/0:1
  26851       2 root      0.0  0.0 I    kworker/3:2
  26825       2 root      0.0  0.0 I    kworker/u16:1-kvfree_rcu_reclaim
  26063       2 root      0.0  0.0 I    kworker/1:0-cgroup_free
  26018       2 root      0.0  0.0 I    kworker/0:2-events
  25908       2 root      0.0  0.0 I    kworker/2:2-events
  25782       2 root      0.0  0.0 I    kworker/u16:2-events_power_efficient
  25284       2 root      0.0  0.0 I    kworker/2:1-events
  24651       1 runner    0.0  0.2 Ss   python3
  23878       2 root      0.0  0.0 I    kworker/3:0-cgroup_free
  22404    6495 runner    0.0  0.2 Ssl  python3
  21823       2 root      0.0  0.0 I    kworker/u16:0-kvfree_rcu_reclaim
  21161       2 root      0.0  0.0 I    kworker/u16:4-kvfree_rcu_reclaim
  19143       2 root      0.0  0.0 I    kworker/0:0-events
  16770       2 root      0.0  0.0 I    kworker/1:1-events
  13586       2 root      0.0  0.0 I    kworker/3:1-events
   6494    6492 runner    0.0  0.0 S    timeout
   6493    6492 runner    0.0  0.0 S    python
   6492    2144 runner    0.0  0.0 S    bash
   6472    1308 runner    0.0  0.0 Ss   dbus-daemon
   5553       2 root      0.0  0.0 S    psimon
   5076    4736 root      0.0  0.0 Sl   cups-browsed
   5054    4729 root      0.0  0.0 Sl   cupsd
   4736       1 root      0.0  0.0 Ss   run-cups-browse
   4729       1 root      0.0  0.0 Ss   run-cupsd
   2929       2 root      0.0  0.0 I<   kworker/R-mkey_cache
   2928       2 root      0.0  0.0 I<   kworker/R-ib_nl_sa_wq
   2927       2 root      0.0  0.0 I<   kworker/R-ib_mcast
   2926       2 root      0.0  0.0 I<   kworker/R-ib-comp-unb-wq
   2925       2 root      0.0  0.0 I<   kworker/R-ib-comp-wq
   2913       2 root      0.0  0.0 I<   kworker/R-mlx5e_arfs
   2912       2 root      0.0  0.0 I<   kworker/R-mlx5e
   2911       2 root      0.0  0.0 I<   kworker/R-mlx5_hv_vhca
   2910       2 root      0.0  0.0 I<   kworker/R-mlx5_fc
   2909       2 root      0.0  0.0 S    ptp1
   2908       2 root      0.0  0.0 I<   kworker/R-mlx5_events
   2907       2 root      0.0  0.0 I<   kworker/R-mlx5_page_allocator
   2906       2 root      0.0  0.0 I<   kworker/R-mlx5_healthb3fe:00:02.0
   2903       2 root      0.0  0.0 I<   kworker/R-mlx5_cmd_b3fe:00:02.0
   2124    2071 runner    0.0  0.7 Sl   Runner.Listener
   2084    2071 root      0.0  0.0 S    sudo
   2071       1 runner    0.0  0.1 Ssl  hosted-compute-
   1507    1046 root      0.0  0.2 Sl   python3
   1500       2 root      0.0  0.0 I<   kworker/R-tls-strp
   1319    1015 www-data  0.0  0.1 S    php-fpm8.3
   1318    1308 runner    0.0  0.0 S    (sd-pam)
   1315    1015 www-data  0.0  0.1 S    php-fpm8.3
   1308       1 runner    0.0  0.0 Ss   systemd
   1268       1 root      0.0  0.0 Ss+  agetty
   1261       1 root      0.0  0.4 Ssl  dockerd
--- pstree of self ---
hermes(6495)-+-python3(22404)---{python3}(22408)
             |-timeout(27032)---bash(27034)-+-head(27042)
             |                              `-pstree(27041)
             |-{hermes}(6759)
             |-{hermes}(6781)
             |-{hermes}(6783)
             |-{hermes}(6784)
             |-{hermes}(6788)
             |-{hermes}(6849)
             |-{hermes}(6850)
             |-{hermes}(6851)
             |-{hermes}(6869)
             |-{hermes}(6871)
             |-{hermes}(6900)
             |-{hermes}(6901)
             |-{hermes}(7040)
             |-{hermes}(7077)
             |-{hermes}(7078)
             |-{hermes}(7079)
             |-{hermes}(7080)
             |-{hermes}(7081)
             |-{hermes}(7083)
             |-{hermes}(7084)
             |-{hermes}(7238)
             |-{hermes}(8854)
             |-{hermes}(9105)
             |-{hermes}(10969)
             |-{hermes}(15970)
             |-{hermes}(21643)
             |-{hermes}(22405)
             |-{hermes}(22406)
             |-{hermes}(22407)
             |-{hermes}(25513)
             |-{hermes}(25515)
             |-{hermes}(25516)
             |-{hermes}(27033)
             `-{hermes}(27035)
--- loadavg ---
0.08 0.03 0.05 1/309 27043
--- recent dmesg (oom/killed) ---
=== end ===
=== shutdown diagnostic @ SIGTERM ===
--- date ---
2026-10-02T21:59:01Z
--- ps (top 60 by cpu, comm only) ---
    PID    PPID USER     %CPU %MEM STAT COMMAND
   5985    5984 runner    0.8  2.5 Sl   hermes
   1942    1923 runner    0.1  1.3 Sl   Runner.Worker
   1890    1887 root      0.1  0.8 Sl   provjobd7825270
  18714   18708 runner    0.0  0.0 S    head
  18713   18708 runner    0.0  0.0 S    bash
  18712   18708 runner    0.0  0.0 R    ps
  18708   18707 runner    0.0  0.0 S    bash
  18707    5985 runner    0.0  0.0 Ss   timeout
  18695       2 root      0.0  0.0 I    kworker/3:2
  18668       2 root      0.0  0.0 I    kworker/0:1-events
  18653       2 root      0.0  0.0 I    kworker/1:0-events
  18603       2 root      0.0  0.0 I    kworker/2:2-mm_percpu_wq
  18539       2 root      0.0  0.0 I    kworker/3:0-events
  18521       2 root      0.0  0.0 I    kworker/1:2-mm_percpu_wq
  18485       2 root      0.0  0.0 I    kworker/0:2-events
  18349       2 root      0.0  0.0 I    kworker/2:1-events
  18154       2 root      0.0  0.0 I    kworker/2:0-events
  18099       2 root      0.0  0.0 I    kworker/u16:1-events_power_efficient
  17886       2 root      0.0  0.0 I    kworker/u16:0-events_power_efficient
  17742       2 root      0.0  0.0 I    kworker/3:1-events
  17667       2 root      0.0  0.0 I    kworker/u16:3-events_power_efficient
  17498       2 root      0.0  0.0 I    kworker/1:1-events
  16814       2 root      0.0  0.0 I    kworker/0:0-mm_percpu_wq
   5984    5982 runner    0.0  0.0 S    timeout
   5983    5982 runner    0.0  0.0 S    python
   5982    1942 runner    0.0  0.0 S    bash
   5962    1032 runner    0.0  0.0 Ss   dbus-daemon
   5108       2 root      0.0  0.0 S    psimon
   4345    4075 root      0.0  0.0 Sl   cups-browsed
   4330    4067 root      0.0  0.0 Sl   cupsd
   4075       1 root      0.0  0.0 Ss   run-cups-browse
   4067       1 root      0.0  0.0 Ss   run-cupsd
   2721       1 root      0.0  0.3 Ssl  snapd
   1923    1870 runner    0.0  0.8 Sl   Runner.Listener
   1887    1870 root      0.0  0.0 S    sudo
   1870       1 runner    0.0  0.1 Ssl  hosted-compute-
   1581     854 root      0.0  0.2 Sl   python3
   1221     818 www-data  0.0  0.1 S    php-fpm8.3
   1220     818 www-data  0.0  0.1 S    php-fpm8.3
   1213       1 root      0.0  0.4 Ssl  dockerd
   1079       2 root      0.0  0.0 I<   kworker/R-tls-strp
   1052    1032 runner    0.0  0.0 S    (sd-pam)
   1032       1 runner    0.0  0.0 Ss   systemd
    976     973 _chrony   0.0  0.0 S    chronyd
    973       1 _chrony   0.0  0.0 S    chronyd
    970       1 root      0.0  0.0 Ssl  ModemManager
    961       1 root      0.0  0.2 Ssl  containerd
    957       1 root      0.0  0.0 Ss+  agetty
    951       1 syslog    0.0  0.0 Ssl  rsyslogd
    898       1 root      0.0  0.0 Ss+  agetty
    880       1 root      0.0  0.0 Ss   cron
    854       1 root      0.0  0.1 Ss   python3
    852       1 root      0.0  0.0 Ssl  udisksd
    848       1 root      0.0  0.0 Ss   systemd-logind
    822       1 polkitd   0.0  0.0 Ssl  polkitd
    818       1 root      0.0  0.3 Ss   php-fpm8.3
    816       1 root      0.0  0.1 Ss   networkd-dispat
    810       1 message+  0.0  0.0 Ss   dbus-daemon
    643       1 systemd+  0.0  0.0 Ss   systemd-network
--- pstree of self ---
hermes(5985)-+-timeout(18707)---bash(18708)-+-head(18717)
             |                              `-pstree(18716)
             |-{hermes}(6247)
             |-{hermes}(6268)
             |-{hermes}(6270)
             |-{hermes}(6272)
             |-{hermes}(6275)
             |-{hermes}(6337)
             |-{hermes}(6338)
             |-{hermes}(6339)
             |-{hermes}(6358)
             |-{hermes}(6360)
             |-{hermes}(6390)
             |-{hermes}(6391)
             |-{hermes}(6493)
             |-{hermes}(6494)
             |-{hermes}(6495)
             |-{hermes}(6496)
             |-{hermes}(6497)
             |-{hermes}(6499)
             |-{hermes}(6500)
             |-{hermes}(6784)
             |-{hermes}(7606)
             |-{hermes}(7900)
             |-{hermes}(7964)
             |-{hermes}(10346)
             |-{hermes}(15977)
             |-{hermes}(18709)
             `-{hermes}(18711)
--- loadavg ---
0.05 0.03 0.00 1/290 18718
--- recent dmesg (oom/killed) ---
=== end ===
